// Jest Snapshot v1, https://goo.gl/fbAQLP

exports[`DOCS: App Snapshot Test renders 404 page if a valid route is not found 1`] = `
<div
  id="bui-react-docs-component-not-found"
>
  <h3>
    404!
  </h3>
</div>
`;

exports[`DOCS: App Snapshot Test renders the component page if a valid route is found 1`] = `
<div
  className="row"
>
  <div
    className="col-md-2"
    id="navigation-container"
  >
    <div>
      <div
        id="navigation-logo"
      >
        <h4>
          bui React
        </h4>
      </div>
      <div
        id="navigation-items"
      >
        <ul
          className="navigation"
        >
          <li
            className="bui-react-docs-component-name active"
          >
            <a
              href="/"
            >
              Getting started
            </a>
          </li>
          <li
            className="bui-react-docs-component-name "
          >
            <a
              href="/button"
            >
              Button
            </a>
          </li>
        </ul>
      </div>
    </div>
  </div>
  <div
    className="col-md-8"
    id="details-container"
  >
    <div
      id="bui-react-docs-component-container"
    >
      <h1
        id="bui-react-docs-component-name"
      >
        Button
      </h1>
      <p
        id="bui-react-docs-component-description"
      >
        Button Component
      </p>
      <br />
      <br />
      <h3
        id="bui-react-docs-component-example-header"
      >
        Example
      </h3>
      <div
        id="bui-react-docs-component-example-container"
      >
        <h4
          id="bui-react-docs-component-example-description"
        >
          Default Button component
        </h4>
        <button
          data-radium={true}
          style={
            Object {
              "backgroundColor": "#FFF",
              "border": "1px solid #333",
              "color": "#333",
              "minWidth": 150,
              "padding": 10,
            }
          }
        >
          Hello!
        </button>
        <p
          id="bui-react-docs-component-example-code"
        >
          <span
            className="link"
            id="bui-react-docs-component-example-code-toggle-btn"
            onClick={[Function]}
          >
            show
             Code
          </span>
        </p>
      </div>
      <br />
      <br />
      <h3
        id="bui-react-docs-component-props-header"
      >
        Props
      </h3>
      <div
        id="bui-react-docs-component-props-container"
      >
        <table
          className="props"
        >
          <thead>
            <tr>
              <th>
                Name
              </th>
              <th>
                Description
              </th>
              <th>
                Type
              </th>
              <th>
                Default
              </th>
              <th>
                Required
              </th>
            </tr>
          </thead>
          <tbody>
            <tr>
              <td>
                children
              </td>
              <td>
                Child elements for the button component
              </td>
              <td>
                node
              </td>
              <td />
              <td>
                Nope
              </td>
            </tr>
            <tr>
              <td>
                onClick
              </td>
              <td>
                
              </td>
              <td>
                func
              </td>
              <td />
              <td />
            </tr>
          </tbody>
        </table>
      </div>
    </div>
  </div>
</div>
`;
