// Jest Snapshot v1, https://goo.gl/fbAQLP

exports[`Docs:Example Snapshot Test renders component with description 1`] = `
<div
  id="bui-react-docs-component-example-container"
>
  <h4
    id="bui-react-docs-component-example-description"
  >
    Default Button component
  </h4>
  <button
    data-radium={true}
    style={
      Object {
        "backgroundColor": "#FFF",
        "border": "1px solid #333",
        "color": "#333",
        "minWidth": 150,
        "padding": 10,
      }
    }
  >
    Hello!
  </button>
  <p
    id="bui-react-docs-component-example-code"
  >
    <span
      className="link"
      id="bui-react-docs-component-example-code-toggle-btn"
      onClick={[Function]}
    >
      show
       Code
    </span>
  </p>
  <hr />
</div>
`;

exports[`Docs:Example Snapshot Test renders component without description 1`] = `
<div
  id="bui-react-docs-component-example-container"
>
  <h4
    id="bui-react-docs-component-example-description"
  >
    Default Button component
  </h4>
  <button
    data-radium={true}
    style={
      Object {
        "backgroundColor": "#FFF",
        "border": "1px solid #333",
        "color": "#333",
        "minWidth": 150,
        "padding": 10,
      }
    }
  >
    Hello!
  </button>
  <p
    id="bui-react-docs-component-example-code"
  >
    <span
      className="link"
      id="bui-react-docs-component-example-code-toggle-btn"
      onClick={[Function]}
    >
      show
       Code
    </span>
  </p>
  <hr />
</div>
`;
