// Jest Snapshot v1, https://goo.gl/fbAQLP

exports[`Docs:Example Snapshot Test renders component with description 1`] = `
<div
  className="bui-react-docs-component-example-container"
>
  <h4
    className="bui-react-docs-component-example-description"
  >
    Primary/Default Button component
  </h4>
  <button
    data-radium={true}
    style={
      Object {
        "backgroundColor": "#FFF",
        "border": "1px solid #333",
        "borderRadius": 0,
        "color": "#333",
        "cursor": "pointer",
        "fontSize": 18,
        "minWidth": 150,
        "padding": 10,
        "position": "relative",
        "textDecoration": "none",
      }
    }
  >
    <span
      data-radium={true}
    >
      Primary Button!
    </span>
  </button>
  <p
    className="bui-react-docs-component-example-code"
  >
    <span
      className="link"
      id="bui-react-docs-component-example-code-toggle-btn"
      onClick={[Function]}
    >
      show
       Code
    </span>
  </p>
  <hr />
</div>
`;

exports[`Docs:Example Snapshot Test renders component without description 1`] = `
<div
  className="bui-react-docs-component-example-container"
>
  <h4
    className="bui-react-docs-component-example-description"
  >
    Primary/Default Button component
  </h4>
  <button
    data-radium={true}
    style={
      Object {
        "backgroundColor": "#FFF",
        "border": "1px solid #333",
        "borderRadius": 0,
        "color": "#333",
        "cursor": "pointer",
        "fontSize": 18,
        "minWidth": 150,
        "padding": 10,
        "position": "relative",
        "textDecoration": "none",
      }
    }
  >
    <span
      data-radium={true}
    >
      Primary Button!
    </span>
  </button>
  <p
    className="bui-react-docs-component-example-code"
  >
    <span
      className="link"
      id="bui-react-docs-component-example-code-toggle-btn"
      onClick={[Function]}
    >
      show
       Code
    </span>
  </p>
  <hr />
</div>
`;
